Microchip MPLAB XC8 Compiler V2.40

Linker command line:

-W-3 \
  --edf=C:\Program Files\Microchip\xc8\v2.40\pic\dat\20220703182018_en.msgs \
  -cn -h+dist/default/debug\2TONE_GEN_PIC.X.debug.sym \
  --cmf=dist/default/debug\2TONE_GEN_PIC.X.debug.cmf -z -Q16F1769 \
  -oC:\Users\JJ1MDY\AppData\Local\Temp\xcAs128.4 --defsym=__MPLAB_BUILD=1 \
  --fixupoverflow=error -Mdist/default/debug/2TONE_GEN_PIC.X.debug.map \
  --md=C:\Users\JJ1MDY\AppData\Local\Temp\xcAs128.dat -E1 -ver=XC8 Compiler \
  --acfsm=1493 -ACODE=00h-07FFhx4 -ASTRCODE=00h-01FFFh -ASTRING=00h-0FFhx32 \
  -ACONST=00h-0FFhx32 -AENTRY=00h-0FFhx32 -ACOMMON=070h-07Fh \
  -ABANK0=020h-06Fh -ABANK1=0A0h-0EFh -ABANK2=0120h-016Fh \
  -ABANK3=01A0h-01EFh -ABANK4=0220h-026Fh -ABANK5=02A0h-02EFh \
  -ABANK6=0320h-036Fh -ABANK7=03A0h-03EFh -ABANK8=0420h-046Fh \
  -ABANK9=04A0h-04EFh -ABANK10=0520h-056Fh -ABANK11=05A0h-05EFh \
  -ABANK12=0620h-064Fh -ABIGRAM=02000h-023EFh \
  -ARAM=020h-06Fh,0A0h-0EFh,0120h-016Fh,01A0h-01EFh,0220h-026Fh,02A0h-02EFh,0320h-036Fh,03A0h-03EFh,0420h-046Fh,04A0h-04EFh,0520h-056Fh,05A0h-05EFh,0620h-064Fh \
  -AABS1=020h-07Fh,0A0h-0EFh,0120h-016Fh,01A0h-01EFh,0220h-026Fh,02A0h-02EFh,0320h-036Fh,03A0h-03EFh,0420h-046Fh,04A0h-04EFh,0520h-056Fh,05A0h-05EFh,0620h-064Fh \
  -ASFR0=00h-01Fh -ASFR1=080h-09Fh -ASFR2=0100h-011Fh -ASFR3=0180h-019Fh \
  -ASFR4=0200h-021Fh -ASFR5=0280h-029Fh -ASFR6=0300h-031Fh \
  -ASFR7=0380h-039Fh -ASFR8=0400h-041Fh -ASFR9=0480h-049Fh \
  -ASFR10=0500h-051Fh -ASFR11=0580h-059Fh -ASFR12=0600h-061Fh \
  -ASFR13=0680h-06EFh -ASFR14=0700h-076Fh -ASFR15=0780h-07EFh \
  -ASFR16=0800h-086Fh -ASFR17=0880h-08EFh -ASFR18=0900h-096Fh \
  -ASFR19=0980h-09EFh -ASFR20=0A00h-0A6Fh -ASFR21=0A80h-0AEFh \
  -ASFR22=0B00h-0B6Fh -ASFR23=0B80h-0BEFh -ASFR24=0C00h-0C6Fh \
  -ASFR25=0C80h-0CEFh -ASFR26=0D00h-0D6Fh -ASFR27=0D80h-0DEFh \
  -ASFR28=0E00h-0E6Fh -ASFR29=0E80h-0EEFh -ASFR30=0F00h-0F6Fh \
  -ASFR31=0F80h-0FEFh -ACONFIG=08007h-08008h -DCONFIG=2 \
  -AIDLOC=08000h-08003h -DIDLOC=2 -DCODE=2 -DSTRCODE=2 -DSTRING=2 -DCONST=2 \
  -DENTRY=2 -preset_vec=00h,intentry=04h,init,end_init -ppowerup=CODE \
  -pcinit=CODE -pfunctab=ENTRY -k \
  C:\Users\JJ1MDY\AppData\Local\Temp\xcAs128.o \
  dist/default/debug\2TONE_GEN_PIC.X.debug.o 

Object code version is 3.11

Machine type is 16F1769



                Name                               Link     Load   Length Selector   Space Scale
C:\Users\JJ1MDY\AppData\Local\Temp\xcAs128.o
                end_init                             27       27        2        8       0
                reset_vec                             0        0        3        0       0
                config                             8007     8007        2        0       4
                idloc                              8000     8000        4        0       5
dist/default/debug\2TONE_GEN_PIC.X.debug.o
                cinit                                29       29       1A        8       0
                intentry                              4        4       23        8       0
                config                             8007     8007        2        0       4
                idloc                              8000     8000        4        0       5
                text26                             138A     138A        7     2714       0
                text24                             1391     1391        7     2722       0
                text23                             13C6     13C6        D     278C       0
                text22                             1398     1398        B     2730       0
                text21                             13A3     13A3        B     2746       0
                text20                             13E1     13E1       11     27C2       0
                text19                              7E9      7E9       13        8       0
                text18                             140F     140F       1E     281E       0
                text17                              76E      76E       7B        8       0
                text16                             13D3     13D3        E     27A6       0
                text15                             13F2     13F2       1D     27E4       0
                text14                              82D      82D      1AA     105A       0
                text13                              BBD      BBD      208     177A       0
                text12                             144D     144D       24     289A       0
                text11                              DC5      DC5      23B     1B8A       0
                text10                             1668     1668      198     2CD0       0
                text9                              13AE     13AE        C     275C       0
                text8                              142D     142D       20     285A       0
                text7                              1497     1497       71     292E       0
                text6                              1508     1508       AB     2A10       0
                text5                               804      804       29     1008       0
                text4                               47D      47D      2F1        8       0
                text3                               9D7      9D7      1E6     13AE       0
                text2                                43       43      43A        8       0
                text1                              15B3     15B3       B5     2B66       0
                maintext                           1471     1471       26     28E2       0
                cstackBANK0                          20       20       4E       20       1
                cstackCOMMON                         70       70        9       70       1
                cstackBANK1                          A0       A0       48       A0       1
                cstackBANK2                         120      120       28      120       1
                clrtext                            13BA     13BA        C     2774       0
                bssBANK1                             E8       E8        8       A0       1
                bssCOMMON                            79       79        2       70       1
                stringtext17                       1800     1800       11     3000       0
                stringtext16                       184D     184D        4     3000       0
                stringtext15                       1849     1849        4     3000       0
                stringtext14                       1845     1845        4     3000       0
                stringtext13                       1841     1841        4     3000       0
                stringtext12                       183D     183D        4     3000       0
                stringtext11                       1839     1839        4     3000       0
                stringtext10                       1835     1835        4     3000       0
                stringtext9                        1831     1831        4     3000       0
                stringtext8                        182D     182D        4     3000       0
                stringtext7                        1829     1829        4     3000       0
                stringtext6                        1825     1825        4     3000       0
                stringtext5                        1821     1821        4     3000       0
                stringtext4                        181D     181D        4     3000       0
                stringtext3                        1819     1819        4     3000       0
                stringtext2                        1815     1815        4     3000       0
                stringtext1                        1811     1811        4     3000       0

TOTAL           Name                               Link     Load   Length     Space
        CLASS   CODE           
                end_init                             27       27        2         0
                cinit                                29       29       1A         0
                intentry                              4        4       23         0
                reset_vec                             0        0        3         0
                text26                             138A     138A        7         0
                text24                             1391     1391        7         0
                text23                             13C6     13C6        D         0
                text22                             1398     1398        B         0
                text21                             13A3     13A3        B         0
                text20                             13E1     13E1       11         0
                text19                              7E9      7E9       13         0
                text18                             140F     140F       1E         0
                text17                              76E      76E       7B         0
                text16                             13D3     13D3        E         0
                text15                             13F2     13F2       1D         0
                text14                              82D      82D      1AA         0
                text13                              BBD      BBD      208         0
                text12                             144D     144D       24         0
                text11                              DC5      DC5      23B         0
                text10                             1668     1668      198         0
                text9                              13AE     13AE        C         0
                text8                              142D     142D       20         0
                text7                              1497     1497       71         0
                text6                              1508     1508       AB         0
                text5                               804      804       29         0
                text4                               47D      47D      2F1         0
                text3                               9D7      9D7      1E6         0
                text2                                43       43      43A         0
                text1                              15B3     15B3       B5         0
                maintext                           1471     1471       26         0
                clrtext                            13BA     13BA        C         0

        CLASS   STRCODE        
                stringtext17                       1800     1800       11         0
                stringtext16                       184D     184D        4         0
                stringtext15                       1849     1849        4         0
                stringtext14                       1845     1845        4         0
                stringtext13                       1841     1841        4         0
                stringtext12                       183D     183D        4         0
                stringtext11                       1839     1839        4         0
                stringtext10                       1835     1835        4         0
                stringtext9                        1831     1831        4         0
                stringtext8                        182D     182D        4         0
                stringtext7                        1829     1829        4         0
                stringtext6                        1825     1825        4         0
                stringtext5                        1821     1821        4         0
                stringtext4                        181D     181D        4         0
                stringtext3                        1819     1819        4         0
                stringtext2                        1815     1815        4         0
                stringtext1                        1811     1811        4         0

        CLASS   STRING         

        CLASS   CONST          

        CLASS   ENTRY          

        CLASS   COMMON         
                cstackCOMMON                         70       70        9         1
                bssCOMMON                            79       79        2         1

        CLASS   BANK0          
                cstackBANK0                          20       20       4E         1

        CLASS   BANK1          
                cstackBANK1                          A0       A0       48         1
                bssBANK1                             E8       E8        8         1

        CLASS   BANK2          
                cstackBANK2                         120      120       28         1

        CLASS   BANK3          

        CLASS   BANK4          

        CLASS   BANK5          

        CLASS   BANK6          

        CLASS   BANK7          

        CLASS   BANK8          

        CLASS   BANK9          

        CLASS   BANK10         

        CLASS   BANK11         

        CLASS   BANK12         

        CLASS   BIGRAM         

        CLASS   RAM            

        CLASS   ABS1           
                abs_s1                               7E       7E        2         1
                abs_s1                              33C      33C       34         1
                abs_s1                              3A0      3A0       50         1
                abs_s1                              420      420       50         1
                abs_s1                              4A0      4A0       50         1
                abs_s1                              520      520       50         1
                abs_s1                              5A0      5A0       50         1
                abs_s1                              620      620       30         1
                abs_s1                             21FC     21FC        0         1

        CLASS   SFR0           

        CLASS   SFR1           

        CLASS   SFR2           

        CLASS   SFR3           

        CLASS   SFR4           

        CLASS   SFR5           

        CLASS   SFR6           

        CLASS   SFR7           

        CLASS   SFR8           

        CLASS   SFR9           

        CLASS   SFR10          

        CLASS   SFR11          

        CLASS   SFR12          

        CLASS   SFR13          

        CLASS   SFR14          

        CLASS   SFR15          

        CLASS   SFR16          

        CLASS   SFR17          

        CLASS   SFR18          

        CLASS   SFR19          

        CLASS   SFR20          

        CLASS   SFR21          

        CLASS   SFR22          

        CLASS   SFR23          

        CLASS   SFR24          

        CLASS   SFR25          

        CLASS   SFR26          

        CLASS   SFR27          

        CLASS   SFR28          

        CLASS   SFR29          

        CLASS   SFR30          

        CLASS   SFR31          

        CLASS   CONFIG         
                config                             8007     8007        2         4

        CLASS   IDLOC          
                idloc                              8000     8000        4         5

        CLASS   BANK31         

        CLASS   BANK30         

        CLASS   BANK29         

        CLASS   BANK28         

        CLASS   BANK27         

        CLASS   BANK26         

        CLASS   BANK25         

        CLASS   BANK24         

        CLASS   BANK23         

        CLASS   BANK22         

        CLASS   BANK21         

        CLASS   BANK20         

        CLASS   BANK19         

        CLASS   BANK18         

        CLASS   BANK17         

        CLASS   BANK16         

        CLASS   BANK15         

        CLASS   BANK14         

        CLASS   BANK13         

        CLASS   HEAP           

        CLASS   STACK          

        CLASS   EEDATA         



SEGMENTS        Name                           Load    Length   Top    Selector   Space  Class     Delta

                reset_vec                      000000  000003  000003         0       0  CODE        2
                intentry                       000004  0007F8  0007FC         8       0  CODE        2
                cstackBANK0                    000020  00004E  00006E        20       1  BANK0       1
                cstackCOMMON                   000070  00000B  00007B        70       1  COMMON      1
                cstackBANK1                    0000A0  000050  0000F0        A0       1  BANK1       1
                cstackBANK2                    000120  000028  000148       120       1  BANK2       1
                text5                          000804  000029  00082D      1008       0  CODE        2
                text14                         00082D  0001AA  0009D7      105A       0  CODE        2
                text3                          0009D7  0001E6  000BBD      13AE       0  CODE        2
                text13                         000BBD  000208  000DC5      177A       0  CODE        2
                text11                         000DC5  00023B  001000      1B8A       0  CODE        2
                text26                         00138A  000007  001391      2714       0  CODE        2
                text24                         001391  000007  001398      2722       0  CODE        2
                text22                         001398  00000B  0013A3      2730       0  CODE        2
                text21                         0013A3  00000B  0013AE      2746       0  CODE        2
                text9                          0013AE  00000C  0013BA      275C       0  CODE        2
                clrtext                        0013BA  00000C  0013C6      2774       0  CODE        2
                text23                         0013C6  00000D  0013D3      278C       0  CODE        2
                text16                         0013D3  00000E  0013E1      27A6       0  CODE        2
                text20                         0013E1  000011  0013F2      27C2       0  CODE        2
                text15                         0013F2  00001D  00140F      27E4       0  CODE        2
                text18                         00140F  00001E  00142D      281E       0  CODE        2
                text8                          00142D  000020  00144D      285A       0  CODE        2
                text12                         00144D  000024  001471      289A       0  CODE        2
                maintext                       001471  000026  001497      28E2       0  CODE        2
                text7                          001497  000071  001508      292E       0  CODE        2
                text6                          001508  0000AB  0015B3      2A10       0  CODE        2
                text1                          0015B3  0000B5  001668      2B66       0  CODE        2
                text10                         001668  000198  001800      2CD0       0  CODE        2
                stringtext17                   001800  000051  001851      3000       0  STRCODE     2


UNUSED ADDRESS RANGES

        Name                Unused          Largest block    Delta
        BANK0            0006E-0006F               2           1
        BANK2            00148-0016F              28           1
        BANK3            001A0-001EF              50           1
        BANK4            00220-0026F              50           1
        BANK5            002A0-002EF              50           1
        BANK6            00320-0033B              1C           1
        BIGRAM           02000-023EF             3F0           1
        CODE             00003-00003               1           2
                         007FC-00803               4
                         01000-01389             38A
                         01851-01FFF             7AF
        COMMON           0007B-0007D               3           1
        CONST            00003-00003               1           2
                         007FC-00803               4
                         01000-01389             100
                         01851-01FFF             100
        ENTRY            00003-00003               1           2
                         007FC-00803               4
                         01000-01389             100
                         01851-01FFF             100
        RAM              0006E-0006F               2           1
                         00148-0016F              28
                         001A0-001EF              50
                         00220-0026F              50
                         002A0-002EF              50
                         00320-0033B              1C
        SFR0             00000-0001F              20           1
        SFR1             00080-0009F              20           1
        SFR10            00500-0051F              20           1
        SFR11            00580-0059F              20           1
        SFR12            00600-0061F              20           1
        SFR13            00680-006EF              70           1
        SFR14            00700-0076F              70           1
        SFR15            00780-007EF              70           1
        SFR16            00800-0086F              70           1
        SFR17            00880-008EF              70           1
        SFR18            00900-0096F              70           1
        SFR19            00980-009EF              70           1
        SFR2             00100-0011F              20           1
        SFR20            00A00-00A6F              70           1
        SFR21            00A80-00AEF              70           1
        SFR22            00B00-00B6F              70           1
        SFR23            00B80-00BEF              70           1
        SFR24            00C00-00C6F              70           1
        SFR25            00C80-00CEF              70           1
        SFR26            00D00-00D6F              70           1
        SFR27            00D80-00DEF              70           1
        SFR28            00E00-00E6F              70           1
        SFR29            00E80-00EEF              70           1
        SFR3             00180-0019F              20           1
        SFR30            00F00-00F6F              70           1
        SFR31            00F80-00FEF              70           1
        SFR4             00200-0021F              20           1
        SFR5             00280-0029F              20           1
        SFR6             00300-0031F              20           1
        SFR7             00380-0039F              20           1
        SFR8             00400-0041F              20           1
        SFR9             00480-0049F              20           1
        STRCODE          00003-00003               1           2
                         007FC-00803               8
                         01000-01389             38A
                         01851-01FFF             7AF
        STRING           00003-00003               1           2
                         007FC-00803               4
                         01000-01389             100
                         01851-01FFF             100

                                  Symbol Table

?__Umul8_16               cstackCOMMON 00073
?___cosdf                 cstackBANK0  00058
?___fladd                 cstackBANK0  00044
?___fldiv                 cstackBANK0  00044
?___flmul                 cstackBANK0  0002A
?___flneg                 cstackBANK1  000B8
?___flsub                 cstackBANK0  00058
?___fltol                 cstackBANK0  0005E
?___rem_pio2f             cstackBANK1  000BC
?___sindf                 cstackBANK1  000BC
?___xxtofl                cstackCOMMON 00073
?_fabsf                   cstackCOMMON 00073
?_sinf                    cstackBANK1  000DF
DAC_valueset@value        cstackCOMMON 00070
LCD_EN@enable             cstackCOMMON 00073
LCD_RS@enable             cstackCOMMON 00073
_ANSELA                   (abs)        0018C
_ANSELC                   (abs)        0018E
_DAC1CON0                 (abs)        00591
_DAC1REFH                 (abs)        00593
_DACLD                    (abs)        00590
_DAC_init                 text24       01391
_DAC_valueset             text26       0138A
_FVRCON                   (abs)        0021E
_GIE                      (abs)        0005F
_LCD_EN                   text21       013A3
_LCD_RS                   text22       01398
_LCD_STROBE               text20       013E1
_PEIE                     (abs)        0005E
_PORTA                    (abs)        0000C
_PORTB                    (abs)        0000D
_PORTC                    (abs)        0000E
_PR2                      (abs)        0001B
_RA2                      (abs)        00062
_RC5                      (abs)        00075
_RC7                      (abs)        00077
_T2CLKCON                 (abs)        0001E
_T2CON                    (abs)        0001C
_TMR2IE                   (abs)        00489
_TMR2IF                   (abs)        00089
_TRISA                    (abs)        0008C
_TRISB                    (abs)        0008D
_TRISC                    (abs)        0008E
_Timer_init               text23       013C6
__Habs1                   abs1         00000
__Hbank0                  bank0        00000
__Hbank1                  bank1        00000
__Hbank10                 bank10       00000
__Hbank11                 bank11       00000
__Hbank12                 bank12       00000
__Hbank13                 bank13       00000
__Hbank14                 bank14       00000
__Hbank15                 bank15       00000
__Hbank16                 bank16       00000
__Hbank17                 bank17       00000
__Hbank18                 bank18       00000
__Hbank19                 bank19       00000
__Hbank2                  bank2        00000
__Hbank20                 bank20       00000
__Hbank21                 bank21       00000
__Hbank22                 bank22       00000
__Hbank23                 bank23       00000
__Hbank24                 bank24       00000
__Hbank25                 bank25       00000
__Hbank26                 bank26       00000
__Hbank27                 bank27       00000
__Hbank28                 bank28       00000
__Hbank29                 bank29       00000
__Hbank3                  bank3        00000
__Hbank30                 bank30       00000
__Hbank31                 bank31       00000
__Hbank4                  bank4        00000
__Hbank5                  bank5        00000
__Hbank6                  bank6        00000
__Hbank7                  bank7        00000
__Hbank8                  bank8        00000
__Hbank9                  bank9        00000
__Hbigram                 bigram       00000
__HbssBANK1               bssBANK1     00000
__HbssCOMMON              bssCOMMON    00000
__Hcinit                  cinit        00043
__Hclrtext                clrtext      00000
__Hcode                   code         00000
__Hcommon                 common       00000
__Hconfig                 config       08009
__HcstackBANK0            cstackBANK0  00000
__HcstackBANK1            cstackBANK1  00000
__HcstackBANK2            cstackBANK2  00000
__HcstackCOMMON           cstackCOMMON 00000
__Heeprom_data            eeprom_data  00000
__Hend_init               end_init     00029
__Hfunctab                functab      00000
__Hheap                   heap         00000
__Hidloc                  idloc        08004
__Hinit                   init         00027
__Hintentry               intentry     00027
__Hmaintext               maintext     00000
__Hpowerup                powerup      00000
__Hram                    ram          00000
__Hreset_vec              reset_vec    00003
__Hsfr0                   sfr0         00000
__Hsfr1                   sfr1         00000
__Hsfr10                  sfr10        00000
__Hsfr11                  sfr11        00000
__Hsfr12                  sfr12        00000
__Hsfr13                  sfr13        00000
__Hsfr14                  sfr14        00000
__Hsfr15                  sfr15        00000
__Hsfr16                  sfr16        00000
__Hsfr17                  sfr17        00000
__Hsfr18                  sfr18        00000
__Hsfr19                  sfr19        00000
__Hsfr2                   sfr2         00000
__Hsfr20                  sfr20        00000
__Hsfr21                  sfr21        00000
__Hsfr22                  sfr22        00000
__Hsfr23                  sfr23        00000
__Hsfr24                  sfr24        00000
__Hsfr25                  sfr25        00000
__Hsfr26                  sfr26        00000
__Hsfr27                  sfr27        00000
__Hsfr28                  sfr28        00000
__Hsfr29                  sfr29        00000
__Hsfr3                   sfr3         00000
__Hsfr30                  sfr30        00000
__Hsfr31                  sfr31        00000
__Hsfr4                   sfr4         00000
__Hsfr5                   sfr5         00000
__Hsfr6                   sfr6         00000
__Hsfr7                   sfr7         00000
__Hsfr8                   sfr8         00000
__Hsfr9                   sfr9         00000
__Hspace_0                (abs)        01851
__Hspace_1                (abs)        00148
__Hspace_2                (abs)        00000
__Hspace_3                (abs)        00000
__Hspace_4                (abs)        10010
__Hstack                  stack        00000
__Hstrings                strings      00000
__Hstringtext1            stringtext1  00000
__Hstringtext10           stringtext10 00000
__Hstringtext11           stringtext11 00000
__Hstringtext12           stringtext12 00000
__Hstringtext13           stringtext13 00000
__Hstringtext14           stringtext14 00000
__Hstringtext15           stringtext15 00000
__Hstringtext16           stringtext16 00000
__Hstringtext17           stringtext17 00000
__Hstringtext18           stringtext18 00000
__Hstringtext2            stringtext2  00000
__Hstringtext3            stringtext3  00000
__Hstringtext4            stringtext4  00000
__Hstringtext5            stringtext5  00000
__Hstringtext6            stringtext6  00000
__Hstringtext7            stringtext7  00000
__Hstringtext8            stringtext8  00000
__Hstringtext9            stringtext9  00000
__Htext                   text         00000
__Labs1                   abs1         00000
__Lbank0                  bank0        00000
__Lbank1                  bank1        00000
__Lbank10                 bank10       00000
__Lbank11                 bank11       00000
__Lbank12                 bank12       00000
__Lbank13                 bank13       00000
__Lbank14                 bank14       00000
__Lbank15                 bank15       00000
__Lbank16                 bank16       00000
__Lbank17                 bank17       00000
__Lbank18                 bank18       00000
__Lbank19                 bank19       00000
__Lbank2                  bank2        00000
__Lbank20                 bank20       00000
__Lbank21                 bank21       00000
__Lbank22                 bank22       00000
__Lbank23                 bank23       00000
__Lbank24                 bank24       00000
__Lbank25                 bank25       00000
__Lbank26                 bank26       00000
__Lbank27                 bank27       00000
__Lbank28                 bank28       00000
__Lbank29                 bank29       00000
__Lbank3                  bank3        00000
__Lbank30                 bank30       00000
__Lbank31                 bank31       00000
__Lbank4                  bank4        00000
__Lbank5                  bank5        00000
__Lbank6                  bank6        00000
__Lbank7                  bank7        00000
__Lbank8                  bank8        00000
__Lbank9                  bank9        00000
__Lbigram                 bigram       00000
__LbssBANK1               bssBANK1     00000
__LbssCOMMON              bssCOMMON    00000
__Lcinit                  cinit        00029
__Lclrtext                clrtext      00000
__Lcode                   code         00000
__Lcommon                 common       00000
__Lconfig                 config       00000
__LcstackBANK0            cstackBANK0  00000
__LcstackBANK1            cstackBANK1  00000
__LcstackBANK2            cstackBANK2  00000
__LcstackCOMMON           cstackCOMMON 00000
__Leeprom_data            eeprom_data  00000
__Lend_init               end_init     00027
__Lfunctab                functab      00000
__Lheap                   heap         00000
__Lidloc                  idloc        00000
__Linit                   init         00027
__Lintentry               intentry     00004
__Lmaintext               maintext     00000
__Lpowerup                powerup      00000
__Lram                    ram          00000
__Lreset_vec              reset_vec    00000
__Lsfr0                   sfr0         00000
__Lsfr1                   sfr1         00000
__Lsfr10                  sfr10        00000
__Lsfr11                  sfr11        00000
__Lsfr12                  sfr12        00000
__Lsfr13                  sfr13        00000
__Lsfr14                  sfr14        00000
__Lsfr15                  sfr15        00000
__Lsfr16                  sfr16        00000
__Lsfr17                  sfr17        00000
__Lsfr18                  sfr18        00000
__Lsfr19                  sfr19        00000
__Lsfr2                   sfr2         00000
__Lsfr20                  sfr20        00000
__Lsfr21                  sfr21        00000
__Lsfr22                  sfr22        00000
__Lsfr23                  sfr23        00000
__Lsfr24                  sfr24        00000
__Lsfr25                  sfr25        00000
__Lsfr26                  sfr26        00000
__Lsfr27                  sfr27        00000
__Lsfr28                  sfr28        00000
__Lsfr29                  sfr29        00000
__Lsfr3                   sfr3         00000
__Lsfr30                  sfr30        00000
__Lsfr31                  sfr31        00000
__Lsfr4                   sfr4         00000
__Lsfr5                   sfr5         00000
__Lsfr6                   sfr6         00000
__Lsfr7                   sfr7         00000
__Lsfr8                   sfr8         00000
__Lsfr9                   sfr9         00000
__Lspace_0                (abs)        00000
__Lspace_1                (abs)        00000
__Lspace_2                (abs)        00000
__Lspace_3                (abs)        00000
__Lspace_4                (abs)        00000
__Lstack                  stack        00000
__Lstrings                strings      00000
__Lstringtext1            stringtext1  00000
__Lstringtext10           stringtext10 00000
__Lstringtext11           stringtext11 00000
__Lstringtext12           stringtext12 00000
__Lstringtext13           stringtext13 00000
__Lstringtext14           stringtext14 00000
__Lstringtext15           stringtext15 00000
__Lstringtext16           stringtext16 00000
__Lstringtext17           stringtext17 00000
__Lstringtext18           stringtext18 00000
__Lstringtext2            stringtext2  00000
__Lstringtext3            stringtext3  00000
__Lstringtext4            stringtext4  00000
__Lstringtext5            stringtext5  00000
__Lstringtext6            stringtext6  00000
__Lstringtext7            stringtext7  00000
__Lstringtext8            stringtext8  00000
__Lstringtext9            stringtext9  00000
__Ltext                   text         00000
__S0                      (abs)        01851
__S1                      (abs)        00148
__Umul8_16                text12       0144D
__Umul8_16@multiplicand   cstackCOMMON 00073
__Umul8_16@multiplier     cstackBANK0  00024
__Umul8_16@product        cstackBANK0  00020
__Umul8_16@word_mpld      cstackBANK0  00022
___cosdf                  text10       01668
___cosdf$672              cstackBANK1  000A4
___cosdf$673              cstackBANK1  000A8
___cosdf$674              cstackBANK1  000AC
___cosdf@r                cstackBANK1  000A0
___cosdf@w                cstackBANK1  000B0
___cosdf@x                cstackBANK0  00058
___cosdf@z                cstackBANK1  000B4
___fladd                  text13       00BBD
___fladd@a                cstackBANK0  00048
___fladd@aexp             cstackBANK0  00055
___fladd@b                cstackBANK0  00044
___fladd@bexp             cstackBANK0  00056
___fladd@grs              cstackBANK0  00057
___fladd@signs            cstackBANK0  00054
___fldiv                  text14       0082D
___fldiv@a                cstackBANK0  00044
___fldiv@aexp             cstackBANK0  0005D
___fldiv@b                cstackBANK0  00048
___fldiv@bexp             cstackBANK0  0005C
___fldiv@grs              cstackBANK0  00058
___fldiv@new_exp          cstackBANK0  00056
___fldiv@rem              cstackBANK0  00051
___fldiv@sign             cstackBANK0  00055
___flmul                  text11       00DC5
___flmul@a                cstackBANK0  0002E
___flmul@aexp             cstackBANK0  00038
___flmul@b                cstackBANK0  0002A
___flmul@bexp             cstackBANK0  0003D
___flmul@grs              cstackBANK0  00039
___flmul@prod             cstackBANK0  0003E
___flmul@sign             cstackBANK0  00037
___flmul@temp             cstackBANK0  00042
___flneg                  text9        013AE
___flneg@f1               cstackBANK1  000B8
___flsub                  text8        0142D
___flsub@a                cstackBANK0  00058
___flsub@b                cstackBANK0  0005C
___fltol                  text7        01497
___fltol@exp1             cstackCOMMON 00078
___fltol@f1               cstackBANK0  0005E
___fltol@sign1            cstackCOMMON 00077
___heap_hi                (abs)        00000
___heap_lo                (abs)        00000
___int_sp                 stack        00000
___latbits                (abs)        00002
___rem_pio2f              text4        0047D
___rem_pio2f$675          cstackBANK1  000CF
___rem_pio2f@F532         bssBANK1     000EC
___rem_pio2f@fn           cstackBANK1  000D3
___rem_pio2f@ix           cstackBANK1  000C5
___rem_pio2f@n            cstackBANK1  000DB
___rem_pio2f@sign         cstackBANK1  000C9
___rem_pio2f@t            cstackBANK1  000D7
___rem_pio2f@ty           cstackBANK1  000C1
___rem_pio2f@u            cstackBANK1  000CB
___rem_pio2f@x            cstackBANK1  000BC
___rem_pio2f@y            cstackBANK1  000C0
___sindf                  text3        009D7
___sindf$676              cstackBANK1  000C8
___sindf$677              cstackBANK1  000CC
___sindf$678              cstackBANK1  000D0
___sindf@r                cstackBANK1  000C0
___sindf@s                cstackBANK1  000D4
___sindf@w                cstackBANK1  000C4
___sindf@x                cstackBANK1  000BC
___sindf@z                cstackBANK1  000D8
___sp                     stack        00000
___stackhi                (abs)        00000
___stacklo                (abs)        00000
___xxtofl                 text6        01508
___xxtofl@arg             cstackBANK0  00026
___xxtofl@exp             cstackBANK0  00025
___xxtofl@sign            cstackBANK0  00024
___xxtofl@val             cstackCOMMON 00073
__end_of_C0               stringtext13 01845
__end_of_C1               stringtext12 01841
__end_of_C2               stringtext11 0183D
__end_of_C3               stringtext10 01839
__end_of_DAC_init         text24       01398
__end_of_DAC_valueset     text26       01391
__end_of_LCD_EN           text21       013AE
__end_of_LCD_RS           text22       013A3
__end_of_LCD_STROBE       text20       013F2
__end_of_S1               stringtext4  01821
__end_of_S2               stringtext3  0181D
__end_of_S3               stringtext2  01819
__end_of_S4               stringtext1  01815
__end_of_Timer_init       text23       013D3
__end_of__Umul8_16        text12       01471
__end_of___cosdf          text10       01800
__end_of___fladd          text13       00DC5
__end_of___fldiv          text14       009D7
__end_of___flmul          text11       01000
__end_of___flneg          text9        013BA
__end_of___flsub          text8        0144D
__end_of___fltol          text7        01508
__end_of___rem_pio2f      text4        0076E
__end_of___sindf          text3        00BBD
__end_of___xxtofl         text6        015B3
__end_of__initialization  cinit        0003F
__end_of_fabsf            text5        0082D
__end_of_half             stringtext8  01831
__end_of_invpio2          stringtext7  0182D
__end_of_isr              intentry     00027
__end_of_lcd_data_byteset text19       007FC
__end_of_lcd_data_set     text18       0142D
__end_of_lcd_init         text17       007E9
__end_of_lcd_putch        text16       013E1
__end_of_lcd_puts         text15       0140F
__end_of_main             maintext     01497
__end_of_pio2_1           stringtext6  01829
__end_of_pio2_1t          stringtext5  01825
__end_of_s1pio2           stringtext17 01804
__end_of_s2pio2           stringtext16 01851
__end_of_s3pio2           stringtext15 0184D
__end_of_s4pio2           stringtext14 01849
__end_of_sine_table_gen   text1        01668
__end_of_sinf             text2        0047D
__end_of_toint            stringtext9  01835
__initialization          cinit        00029
__pbssBANK1               bssBANK1     000E8
__pbssBIGRAM              (abs)        021FC
__pbssCOMMON              bssCOMMON    00079
__pcstackBANK0            cstackBANK0  00020
__pcstackBANK1            cstackBANK1  000A0
__pcstackBANK2            cstackBANK2  00120
__pcstackCOMMON           cstackCOMMON 00070
__pintentry               intentry     00004
__pmaintext               maintext     01471
__pstringtext1            stringtext1  01811
__pstringtext10           stringtext10 01835
__pstringtext11           stringtext11 01839
__pstringtext12           stringtext12 0183D
__pstringtext13           stringtext13 01841
__pstringtext14           stringtext14 01845
__pstringtext15           stringtext15 01849
__pstringtext16           stringtext16 0184D
__pstringtext17           stringtext17 01800
__pstringtext18           stringtext18 00000
__pstringtext2            stringtext2  01815
__pstringtext3            stringtext3  01819
__pstringtext4            stringtext4  0181D
__pstringtext5            stringtext5  01821
__pstringtext6            stringtext6  01825
__pstringtext7            stringtext7  01829
__pstringtext8            stringtext8  0182D
__pstringtext9            stringtext9  01831
__ptext1                  text1        015B3
__ptext10                 text10       01668
__ptext11                 text11       00DC5
__ptext12                 text12       0144D
__ptext13                 text13       00BBD
__ptext14                 text14       0082D
__ptext15                 text15       013F2
__ptext16                 text16       013D3
__ptext17                 text17       0076E
__ptext18                 text18       0140F
__ptext19                 text19       007E9
__ptext2                  text2        00043
__ptext20                 text20       013E1
__ptext21                 text21       013A3
__ptext22                 text22       01398
__ptext23                 text23       013C6
__ptext24                 text24       01391
__ptext26                 text26       0138A
__ptext3                  text3        009D7
__ptext4                  text4        0047D
__ptext5                  text5        00804
__ptext6                  text6        01508
__ptext7                  text7        01497
__ptext8                  text8        0142D
__ptext9                  text9        013AE
_fabsf                    text5        00804
_isr                      intentry     00004
_lcd_data_byteset         text19       007E9
_lcd_data_set             text18       0140F
_lcd_init                 text17       0076E
_lcd_putch                text16       013D3
_lcd_puts                 text15       013F2
_main                     maintext     01471
_sine_table               (abs)        021FC
_sine_table_gen           text1        015B3
_sine_table_gen$669       cstackBANK2  0013E
_sine_table_gen$670       cstackBANK2  00142
_sinf                     text2        00043
_sinf$470                 cstackBANK2  00128
_sinf$471                 cstackBANK2  0012C
_sinf$671                 cstackBANK2  00132
btemp                     (abs)        0007E
clear_ram0                clrtext      013BA
end_of_initialization     cinit        0003F
fabsf@F465                bssBANK1     000E8
fabsf@u                   cstackBANK0  00020
fabsf@x                   cstackCOMMON 00073
int$flags                 (abs)        0007E
intlevel0                 functab      00000
intlevel1                 functab      00000
intlevel2                 functab      00000
intlevel3                 functab      00000
intlevel4                 functab      00000
intlevel5                 functab      00000
isr@i                     bssCOMMON    00079
lcd_data_byteset@c        cstackCOMMON 00077
lcd_data_set@c            cstackCOMMON 00077
lcd_putch@c               cstackCOMMON 00078
lcd_puts@s                cstackBANK0  00020
reset_vec                 reset_vec    00000
sine_table_gen@i          cstackBANK2  00146
sinf@__xc8_float_word     cstackBANK2  00124
sinf@ix                   cstackBANK2  0013A
sinf@n                    cstackBANK2  00120
sinf@sign                 cstackBANK2  00130
sinf@x                    cstackBANK1  000DF
sinf@y                    cstackBANK2  00136
start                     init         00027
start_initialization      cinit        00029
wtemp0                    (abs)        0007E


MODULE INFORMATION

Module		Function		Class		Link	Load	Size
C:\Program Files\Microchip\xc8\v2.40\pic\sources\c99\common\sprcmul.c
		___flmul       		CODE           	0DC5	0000	571

C:\Program Files\Microchip\xc8\v2.40\pic\sources\c99\common\sprcmul.c estimated size: 571

C:\Program Files\Microchip\xc8\v2.40\pic\sources\c99\common\__sindf.c
		___sindf       		CODE           	09D7	0000	486

C:\Program Files\Microchip\xc8\v2.40\pic\sources\c99\common\__sindf.c estimated size: 486

C:\Program Files\Microchip\xc8\v2.40\pic\sources\c99\common\sprcdiv.c
		___fldiv       		CODE           	082D	0000	426

C:\Program Files\Microchip\xc8\v2.40\pic\sources\c99\common\sprcdiv.c estimated size: 426

myLCD_SC1602.c
		_LCD_STROBE    		CODE           	13E1	0000	17
		_LCD_RS        		CODE           	1398	0000	11
		_LCD_EN        		CODE           	13A3	0000	11
		_lcd_puts      		CODE           	13F2	0000	29
		_lcd_putch     		CODE           	13D3	0000	14
		_lcd_data_set  		CODE           	140F	0000	30
		_lcd_data_byteset		CODE           	07E9	0000	19
		_lcd_init      		CODE           	076E	0000	123

myLCD_SC1602.c estimated size: 254

C:\Program Files\Microchip\xc8\v2.40\pic\sources\c99\common\fltol.c
		___fltol       		CODE           	1497	0000	113

C:\Program Files\Microchip\xc8\v2.40\pic\sources\c99\common\fltol.c estimated size: 113

C:\Program Files\Microchip\xc8\v2.40\pic\sources\c99\common\sprcadd.c
		___flsub       		CODE           	142D	0000	32
		___fladd       		CODE           	0BBD	0000	520

C:\Program Files\Microchip\xc8\v2.40\pic\sources\c99\common\sprcadd.c estimated size: 552

C:\Program Files\Microchip\xc8\v2.40\pic\sources\c99\common\__rem_pio2f.c
		___rem_pio2f   		CODE           	047D	0000	753

C:\Program Files\Microchip\xc8\v2.40\pic\sources\c99\common\__rem_pio2f.c estimated size: 753

C:\Program Files\Microchip\xc8\v2.40\pic\sources\c99\common\flneg.c
		___flneg       		CODE           	13AE	0000	12

C:\Program Files\Microchip\xc8\v2.40\pic\sources\c99\common\flneg.c estimated size: 12

C:\Program Files\Microchip\xc8\v2.40\pic\sources\c99\common\fabsf.c
		_fabsf         		CODE           	0804	0000	41

C:\Program Files\Microchip\xc8\v2.40\pic\sources\c99\common\fabsf.c estimated size: 41

C:\Program Files\Microchip\xc8\v2.40\pic\sources\c99\common\sinf.c
		_sinf          		CODE           	0043	0000	1082

C:\Program Files\Microchip\xc8\v2.40\pic\sources\c99\common\sinf.c estimated size: 1082

C:\Program Files\Microchip\xc8\v2.40\pic\sources\c99\common\xxtofl.c
		___xxtofl      		CODE           	1508	0000	171

C:\Program Files\Microchip\xc8\v2.40\pic\sources\c99\common\xxtofl.c estimated size: 171

shared
		_S1            		STRCODE        	0000	0000	0
		_S2            		STRCODE        	0000	0000	0
		_S3            		STRCODE        	0000	0000	0
		_S4            		STRCODE        	0000	0000	0
		_s1pio2        		STRCODE        	0000	0000	0
		__initialization		CODE           	0029	0000	22
		_s2pio2        		STRCODE        	0000	0000	0
		_s3pio2        		STRCODE        	0000	0000	0
		_s4pio2        		STRCODE        	0000	0000	0
		_pio2_1t       		STRCODE        	0000	0000	0
		_toint         		STRCODE        	0000	0000	0
		_half          		STRCODE        	0000	0000	0
		_pio2_1        		STRCODE        	0000	0000	0
		_C0            		STRCODE        	0000	0000	0
		_C1            		STRCODE        	0000	0000	0
		_C2            		STRCODE        	0000	0000	0
		_C3            		STRCODE        	0000	0000	0
		_invpio2       		STRCODE        	0000	0000	0

shared estimated size: 22

C:\Program Files\Microchip\xc8\v2.40\pic\sources\c99\common\Umul8_16.c
		__Umul8_16     		CODE           	144D	0000	36

C:\Program Files\Microchip\xc8\v2.40\pic\sources\c99\common\Umul8_16.c estimated size: 36

main.c
		_Timer_init    		CODE           	13C6	0000	13
		_sine_table_gen		CODE           	15B3	0000	181
		_DAC_valueset  		CODE           	138A	0000	7
		_main          		CODE           	1471	0000	38
		_DAC_init      		CODE           	1391	0000	7
		_isr           		CODE           	0004	0000	35

main.c estimated size: 281

C:\Program Files\Microchip\xc8\v2.40\pic\sources\c99\common\__cosdf.c
		___cosdf       		CODE           	1668	0000	408

C:\Program Files\Microchip\xc8\v2.40\pic\sources\c99\common\__cosdf.c estimated size: 408

