Microchip MPLAB XC8 Compiler V2.40

Linker command line:

-W-3 \
  --edf=C:\Program Files\Microchip\xc8\v2.40\pic\dat\20220703182018_en.msgs \
  -cn -h+dist/default/production\2TONE_GEN_PIC.X.production.sym \
  --cmf=dist/default/production\2TONE_GEN_PIC.X.production.cmf -z -Q16F1769 \
  -oC:\Users\JJ1MDY\AppData\Local\Temp\xcAs1eqo.4 --defsym=__MPLAB_BUILD=1 \
  --fixupoverflow=error \
  -Mdist/default/production/2TONE_GEN_PIC.X.production.map \
  --md=C:\Users\JJ1MDY\AppData\Local\Temp\xcAs1eqo.dat -E1 \
  -ver=XC8 Compiler --acfsm=1493 -ACODE=00h-07FFhx4 -ASTRCODE=00h-01FFFh \
  -ASTRING=00h-0FFhx32 -ACONST=00h-0FFhx32 -AENTRY=00h-0FFhx32 \
  -ACOMMON=070h-07Fh -ABANK0=020h-06Fh -ABANK1=0A0h-0EFh \
  -ABANK2=0120h-016Fh -ABANK3=01A0h-01EFh -ABANK4=0220h-026Fh \
  -ABANK5=02A0h-02EFh -ABANK6=0320h-036Fh -ABANK7=03A0h-03EFh \
  -ABANK8=0420h-046Fh -ABANK9=04A0h-04EFh -ABANK10=0520h-056Fh \
  -ABANK11=05A0h-05EFh -ABANK12=0620h-064Fh -ABIGRAM=02000h-023EFh \
  -ARAM=020h-06Fh,0A0h-0EFh,0120h-016Fh,01A0h-01EFh,0220h-026Fh,02A0h-02EFh,0320h-036Fh,03A0h-03EFh,0420h-046Fh,04A0h-04EFh,0520h-056Fh,05A0h-05EFh,0620h-064Fh \
  -AABS1=020h-07Fh,0A0h-0EFh,0120h-016Fh,01A0h-01EFh,0220h-026Fh,02A0h-02EFh,0320h-036Fh,03A0h-03EFh,0420h-046Fh,04A0h-04EFh,0520h-056Fh,05A0h-05EFh,0620h-064Fh \
  -ASFR0=00h-01Fh -ASFR1=080h-09Fh -ASFR2=0100h-011Fh -ASFR3=0180h-019Fh \
  -ASFR4=0200h-021Fh -ASFR5=0280h-029Fh -ASFR6=0300h-031Fh \
  -ASFR7=0380h-039Fh -ASFR8=0400h-041Fh -ASFR9=0480h-049Fh \
  -ASFR10=0500h-051Fh -ASFR11=0580h-059Fh -ASFR12=0600h-061Fh \
  -ASFR13=0680h-06EFh -ASFR14=0700h-076Fh -ASFR15=0780h-07EFh \
  -ASFR16=0800h-086Fh -ASFR17=0880h-08EFh -ASFR18=0900h-096Fh \
  -ASFR19=0980h-09EFh -ASFR20=0A00h-0A6Fh -ASFR21=0A80h-0AEFh \
  -ASFR22=0B00h-0B6Fh -ASFR23=0B80h-0BEFh -ASFR24=0C00h-0C6Fh \
  -ASFR25=0C80h-0CEFh -ASFR26=0D00h-0D6Fh -ASFR27=0D80h-0DEFh \
  -ASFR28=0E00h-0E6Fh -ASFR29=0E80h-0EEFh -ASFR30=0F00h-0F6Fh \
  -ASFR31=0F80h-0FEFh -ACONFIG=08007h-08008h -DCONFIG=2 \
  -AIDLOC=08000h-08003h -DIDLOC=2 -DCODE=2 -DSTRCODE=2 -DSTRING=2 -DCONST=2 \
  -DENTRY=2 -preset_vec=00h,intentry=04h,init,end_init -ppowerup=CODE \
  -pcinit=CODE -pfunctab=ENTRY -k \
  C:\Users\JJ1MDY\AppData\Local\Temp\xcAs1eqo.o \
  dist/default/production\2TONE_GEN_PIC.X.production.o 

Object code version is 3.11

Machine type is 16F1769



                Name                               Link     Load   Length Selector   Space Scale
C:\Users\JJ1MDY\AppData\Local\Temp\xcAs1eqo.o
                end_init                              D        D        2        8       0
                reset_vec                             0        0        2        0       0
                config                             8007     8007        2        0       4
                idloc                              8000     8000        4        0       5
dist/default/production\2TONE_GEN_PIC.X.production.o
                cinit                                 F        F       26        8       0
                intentry                              4        4        9        8       0
                config                             8007     8007        2        0       4
                idloc                              8000     8000        4        0       5
                text28                             1242     1242        7     2484       0
                text27                             131D     131D       70     263A       0
                text25                             1249     1249        7     2492       0
                text24                             127E     127E        D     24FC       0
                text23                              812      812       3D     1024       0
                text22                             1250     1250        B     24A0       0
                text21                             125B     125B        B     24B6       0
                text20                              800      800       12     1000       0
                text19                             128B     128B       13     2516       0
                text18                             12BB     12BB       1E     2576       0
                text17                             147D     147D       86     28FA       0
                text16                              7EF      7EF       10        8       0
                text15                             129E     129E       1D     253C       0
                text14                              84F      84F      1AA     109E       0
                text13                              BBD      BBD      208     177A       0
                text12                             12F9     12F9       24     25F2       0
                text11                              DC5      DC5      23B     1B8A       0
                text10                             1668     1668      198     2CD0       0
                text9                              1266     1266        C     24CC       0
                text8                              12D9     12D9       20     25B2       0
                text7                              138D     138D       71     271A       0
                text6                              1503     1503       AB     2A06       0
                text5                               7C6      7C6       29        8       0
                text4                               48B      48B      33B        8       0
                text3                               9F9      9F9      1C4     13F2       0
                text2                                35       35      456        8       0
                text1                              15AE     15AE       BA     2B5C       0
                maintext                           13FE     13FE       7F     27FC       0
                cstackBANK0                          20       20       50       20       1
                cstackCOMMON                         70       70        6       70       1
                cstackBANK1                          A0       A0       49       A0       1
                cstackBANK2                         120      120       27      120       1
                clrtext                            1272     1272        C     24E4       0
                dataBANK2                           14F      14F        2      120       1
                bssBANK2                            147      147        8      120       1
                bssBANK1                             E9       E9        1       A0       1
                bssCOMMON                            76       76        3       70       1
                stringtext17                       1800     1800       11     3000       0
                stringtext16                       184D     184D        4     3000       0
                stringtext15                       1849     1849        4     3000       0
                stringtext14                       1845     1845        4     3000       0
                stringtext13                       1841     1841        4     3000       0
                stringtext12                       183D     183D        4     3000       0
                stringtext11                       1839     1839        4     3000       0
                stringtext10                       1835     1835        4     3000       0
                stringtext9                        1831     1831        4     3000       0
                stringtext8                        182D     182D        4     3000       0
                stringtext7                        1829     1829        4     3000       0
                stringtext6                        1825     1825        4     3000       0
                stringtext5                        1821     1821        4     3000       0
                stringtext4                        181D     181D        4     3000       0
                stringtext3                        1819     1819        4     3000       0
                stringtext2                        1815     1815        4     3000       0
                stringtext1                        1811     1811        4     3000       0
                idataBANK2                            2        2        2        0       0

TOTAL           Name                               Link     Load   Length     Space
        CLASS   CODE           
                end_init                              D        D        2         0
                cinit                                 F        F       26         0
                intentry                              4        4        9         0
                reset_vec                             0        0        2         0
                text28                             1242     1242        7         0
                text27                             131D     131D       70         0
                text25                             1249     1249        7         0
                text24                             127E     127E        D         0
                text23                              812      812       3D         0
                text22                             1250     1250        B         0
                text21                             125B     125B        B         0
                text20                              800      800       12         0
                text19                             128B     128B       13         0
                text18                             12BB     12BB       1E         0
                text17                             147D     147D       86         0
                text16                              7EF      7EF       10         0
                text15                             129E     129E       1D         0
                text14                              84F      84F      1AA         0
                text13                              BBD      BBD      208         0
                text12                             12F9     12F9       24         0
                text11                              DC5      DC5      23B         0
                text10                             1668     1668      198         0
                text9                              1266     1266        C         0
                text8                              12D9     12D9       20         0
                text7                              138D     138D       71         0
                text6                              1503     1503       AB         0
                text5                               7C6      7C6       29         0
                text4                               48B      48B      33B         0
                text3                               9F9      9F9      1C4         0
                text2                                35       35      456         0
                text1                              15AE     15AE       BA         0
                maintext                           13FE     13FE       7F         0
                clrtext                            1272     1272        C         0
                idataBANK2                            2        2        2         0

        CLASS   STRCODE        
                stringtext17                       1800     1800       11         0
                stringtext16                       184D     184D        4         0
                stringtext15                       1849     1849        4         0
                stringtext14                       1845     1845        4         0
                stringtext13                       1841     1841        4         0
                stringtext12                       183D     183D        4         0
                stringtext11                       1839     1839        4         0
                stringtext10                       1835     1835        4         0
                stringtext9                        1831     1831        4         0
                stringtext8                        182D     182D        4         0
                stringtext7                        1829     1829        4         0
                stringtext6                        1825     1825        4         0
                stringtext5                        1821     1821        4         0
                stringtext4                        181D     181D        4         0
                stringtext3                        1819     1819        4         0
                stringtext2                        1815     1815        4         0
                stringtext1                        1811     1811        4         0

        CLASS   STRING         

        CLASS   CONST          

        CLASS   ENTRY          

        CLASS   COMMON         
                cstackCOMMON                         70       70        6         1
                bssCOMMON                            76       76        3         1

        CLASS   BANK0          
                cstackBANK0                          20       20       50         1

        CLASS   BANK1          
                cstackBANK1                          A0       A0       49         1
                bssBANK1                             E9       E9        1         1

        CLASS   BANK2          
                cstackBANK2                         120      120       27         1
                dataBANK2                           14F      14F        2         1
                bssBANK2                            147      147        8         1

        CLASS   BANK3          

        CLASS   BANK4          

        CLASS   BANK5          

        CLASS   BANK6          

        CLASS   BANK7          

        CLASS   BANK8          

        CLASS   BANK9          

        CLASS   BANK10         

        CLASS   BANK11         

        CLASS   BANK12         

        CLASS   BIGRAM         

        CLASS   RAM            

        CLASS   ABS1           
                abs_s1                               7E       7E        2         1
                abs_s1                              528      528       48         1
                abs_s1                              5A0      5A0       50         1
                abs_s1                              620      620       30         1
                abs_s1                             2328     2328        0         1

        CLASS   SFR0           

        CLASS   SFR1           

        CLASS   SFR2           

        CLASS   SFR3           

        CLASS   SFR4           

        CLASS   SFR5           

        CLASS   SFR6           

        CLASS   SFR7           

        CLASS   SFR8           

        CLASS   SFR9           

        CLASS   SFR10          

        CLASS   SFR11          

        CLASS   SFR12          

        CLASS   SFR13          

        CLASS   SFR14          

        CLASS   SFR15          

        CLASS   SFR16          

        CLASS   SFR17          

        CLASS   SFR18          

        CLASS   SFR19          

        CLASS   SFR20          

        CLASS   SFR21          

        CLASS   SFR22          

        CLASS   SFR23          

        CLASS   SFR24          

        CLASS   SFR25          

        CLASS   SFR26          

        CLASS   SFR27          

        CLASS   SFR28          

        CLASS   SFR29          

        CLASS   SFR30          

        CLASS   SFR31          

        CLASS   CONFIG         
                config                             8007     8007        2         4

        CLASS   IDLOC          
                idloc                              8000     8000        4         5

        CLASS   BANK31         

        CLASS   BANK30         

        CLASS   BANK29         

        CLASS   BANK28         

        CLASS   BANK27         

        CLASS   BANK26         

        CLASS   BANK25         

        CLASS   BANK24         

        CLASS   BANK23         

        CLASS   BANK22         

        CLASS   BANK21         

        CLASS   BANK20         

        CLASS   BANK19         

        CLASS   BANK18         

        CLASS   BANK17         

        CLASS   BANK16         

        CLASS   BANK15         

        CLASS   BANK14         

        CLASS   BANK13         

        CLASS   HEAP           

        CLASS   STACK          

        CLASS   EEDATA         



SEGMENTS        Name                           Load    Length   Top    Selector   Space  Class     Delta

                reset_vec                      000000  000004  000004         0       0  CODE        2
                intentry                       000004  0007FB  0007FF         8       0  CODE        2
                cstackBANK0                    000020  000050  000070        20       1  BANK0       1
                cstackCOMMON                   000070  000009  000079        70       1  COMMON      1
                cstackBANK1                    0000A0  00004A  0000EA        A0       1  BANK1       1
                cstackBANK2                    000120  000031  000151       120       1  BANK2       1
                text20                         000800  000012  000812      1000       0  CODE        2
                text23                         000812  00003D  00084F      1024       0  CODE        2
                text14                         00084F  0001AA  0009F9      109E       0  CODE        2
                text3                          0009F9  0001C4  000BBD      13F2       0  CODE        2
                text13                         000BBD  000208  000DC5      177A       0  CODE        2
                text11                         000DC5  00023B  001000      1B8A       0  CODE        2
                text28                         001242  000007  001249      2484       0  CODE        2
                text25                         001249  000007  001250      2492       0  CODE        2
                text22                         001250  00000B  00125B      24A0       0  CODE        2
                text21                         00125B  00000B  001266      24B6       0  CODE        2
                text9                          001266  00000C  001272      24CC       0  CODE        2
                clrtext                        001272  00000C  00127E      24E4       0  CODE        2
                text24                         00127E  00000D  00128B      24FC       0  CODE        2
                text19                         00128B  000013  00129E      2516       0  CODE        2
                text15                         00129E  00001D  0012BB      253C       0  CODE        2
                text18                         0012BB  00001E  0012D9      2576       0  CODE        2
                text8                          0012D9  000020  0012F9      25B2       0  CODE        2
                text12                         0012F9  000024  00131D      25F2       0  CODE        2
                text27                         00131D  000070  00138D      263A       0  CODE        2
                text7                          00138D  000071  0013FE      271A       0  CODE        2
                maintext                       0013FE  00007F  00147D      27FC       0  CODE        2
                text17                         00147D  000086  001503      28FA       0  CODE        2
                text6                          001503  0000AB  0015AE      2A06       0  CODE        2
                text1                          0015AE  0000BA  001668      2B5C       0  CODE        2
                text10                         001668  000198  001800      2CD0       0  CODE        2
                stringtext17                   001800  000051  001851      3000       0  STRCODE     2


UNUSED ADDRESS RANGES

        Name                Unused          Largest block    Delta
        BANK1            000EA-000EF               6           1
        BANK10           00520-00527               8           1
        BANK2            00151-0016F              1F           1
        BANK3            001A0-001EF              50           1
        BANK4            00220-0026F              50           1
        BANK5            002A0-002EF              50           1
        BANK6            00320-0036F              50           1
        BANK7            003A0-003EF              50           1
        BANK8            00420-0046F              50           1
        BANK9            004A0-004EF              50           1
        BIGRAM           02000-023EF             3F0           1
        CODE             007FF-007FF               1           2
                         01000-01241             242
                         01851-01FFF             7AF
        COMMON           00079-0007D               5           1
        CONST            007FF-007FF               1           2
                         01000-01241             100
                         01851-01FFF             100
        ENTRY            007FF-007FF               1           2
                         01000-01241             100
                         01851-01FFF             100
        RAM              000EA-000EF               6           1
                         00151-0016F              1F
                         001A0-001EF              50
                         00220-0026F              50
                         002A0-002EF              50
                         00320-0036F              50
                         003A0-003EF              50
                         00420-0046F              50
                         004A0-004EF              50
                         00520-00527               8
        SFR0             00000-0001F              20           1
        SFR1             00080-0009F              20           1
        SFR10            00500-0051F              20           1
        SFR11            00580-0059F              20           1
        SFR12            00600-0061F              20           1
        SFR13            00680-006EF              70           1
        SFR14            00700-0076F              70           1
        SFR15            00780-007EF              70           1
        SFR16            00800-0086F              70           1
        SFR17            00880-008EF              70           1
        SFR18            00900-0096F              70           1
        SFR19            00980-009EF              70           1
        SFR2             00100-0011F              20           1
        SFR20            00A00-00A6F              70           1
        SFR21            00A80-00AEF              70           1
        SFR22            00B00-00B6F              70           1
        SFR23            00B80-00BEF              70           1
        SFR24            00C00-00C6F              70           1
        SFR25            00C80-00CEF              70           1
        SFR26            00D00-00D6F              70           1
        SFR27            00D80-00DEF              70           1
        SFR28            00E00-00E6F              70           1
        SFR29            00E80-00EEF              70           1
        SFR3             00180-0019F              20           1
        SFR30            00F00-00F6F              70           1
        SFR31            00F80-00FEF              70           1
        SFR4             00200-0021F              20           1
        SFR5             00280-0029F              20           1
        SFR6             00300-0031F              20           1
        SFR7             00380-0039F              20           1
        SFR8             00400-0041F              20           1
        SFR9             00480-0049F              20           1
        STRCODE          007FF-007FF               1           2
                         01000-01241             242
                         01851-01FFF             7AF
        STRING           007FF-007FF               1           2
                         01000-01241             100
                         01851-01FFF             100

                                  Symbol Table

?__Umul8_16               cstackBANK0  00020
?___cosdf                 cstackBANK0  0005C
?___fladd                 cstackBANK0  00048
?___fldiv                 cstackBANK0  00048
?___flmul                 cstackBANK0  0002E
?___flneg                 cstackBANK0  00060
?___flsub                 cstackBANK0  0005C
?___fltol                 cstackBANK0  00062
?___lwdiv                 cstackBANK0  00020
?___rem_pio2f             cstackBANK1  000B8
?___sindf                 cstackBANK0  00064
?___xxtofl                cstackBANK0  00020
?_fabsf                   cstackBANK0  00020
?_sinf                    cstackBANK1  000DB
DAC_valueset@value        cstackCOMMON 00070
LCD_EN@enable             cstackCOMMON 00075
LCD_RS@enable             cstackCOMMON 00075
_ANSELA                   (abs)        0018C
_ANSELC                   (abs)        0018E
_DAC1CON0                 (abs)        00591
_DAC1REFH                 (abs)        00593
_DACLD                    (abs)        00590
_DAC_init                 text25       01249
_DAC_valueset             text28       01242
_FVRCON                   (abs)        0021E
_GIE                      (abs)        0005F
_LCD_EN                   text21       0125B
_LCD_RS                   text22       01250
_LCD_STROBE               text20       00800
_PEIE                     (abs)        0005E
_PORTA                    (abs)        0000C
_PORTB                    (abs)        0000D
_PORTC                    (abs)        0000E
_PR2                      (abs)        0001B
_RA2                      (abs)        00062
_RC5                      (abs)        00075
_RC7                      (abs)        00077
_T2CLKCON                 (abs)        0001E
_T2CON                    (abs)        0001C
_TMR2IE                   (abs)        00489
_TMR2IF                   (abs)        00089
_TRISA                    (abs)        0008C
_TRISB                    (abs)        0008D
_TRISC                    (abs)        0008E
_Timer_init               text24       0127E
__Habs1                   abs1         00000
__Hbank0                  bank0        00000
__Hbank1                  bank1        00000
__Hbank10                 bank10       00000
__Hbank11                 bank11       00000
__Hbank12                 bank12       00000
__Hbank13                 bank13       00000
__Hbank14                 bank14       00000
__Hbank15                 bank15       00000
__Hbank16                 bank16       00000
__Hbank17                 bank17       00000
__Hbank18                 bank18       00000
__Hbank19                 bank19       00000
__Hbank2                  bank2        00000
__Hbank20                 bank20       00000
__Hbank21                 bank21       00000
__Hbank22                 bank22       00000
__Hbank23                 bank23       00000
__Hbank24                 bank24       00000
__Hbank25                 bank25       00000
__Hbank26                 bank26       00000
__Hbank27                 bank27       00000
__Hbank28                 bank28       00000
__Hbank29                 bank29       00000
__Hbank3                  bank3        00000
__Hbank30                 bank30       00000
__Hbank31                 bank31       00000
__Hbank4                  bank4        00000
__Hbank5                  bank5        00000
__Hbank6                  bank6        00000
__Hbank7                  bank7        00000
__Hbank8                  bank8        00000
__Hbank9                  bank9        00000
__Hbigram                 bigram       00000
__HbssBANK1               bssBANK1     00000
__HbssBANK2               bssBANK2     00000
__HbssCOMMON              bssCOMMON    00000
__Hcinit                  cinit        00035
__Hclrtext                clrtext      00000
__Hcode                   code         00000
__Hcommon                 common       00000
__Hconfig                 config       08009
__HcstackBANK0            cstackBANK0  00000
__HcstackBANK1            cstackBANK1  00000
__HcstackBANK2            cstackBANK2  00000
__HcstackCOMMON           cstackCOMMON 00000
__HdataBANK2              dataBANK2    00000
__Heeprom_data            eeprom_data  00000
__Hend_init               end_init     0000F
__Hfunctab                functab      00000
__Hheap                   heap         00000
__HidataBANK2             idataBANK2   00000
__Hidloc                  idloc        08004
__Hinit                   init         0000D
__Hintentry               intentry     0000D
__Hmaintext               maintext     00000
__Hpowerup                powerup      00000
__Hram                    ram          00000
__Hreset_vec              reset_vec    00002
__Hsfr0                   sfr0         00000
__Hsfr1                   sfr1         00000
__Hsfr10                  sfr10        00000
__Hsfr11                  sfr11        00000
__Hsfr12                  sfr12        00000
__Hsfr13                  sfr13        00000
__Hsfr14                  sfr14        00000
__Hsfr15                  sfr15        00000
__Hsfr16                  sfr16        00000
__Hsfr17                  sfr17        00000
__Hsfr18                  sfr18        00000
__Hsfr19                  sfr19        00000
__Hsfr2                   sfr2         00000
__Hsfr20                  sfr20        00000
__Hsfr21                  sfr21        00000
__Hsfr22                  sfr22        00000
__Hsfr23                  sfr23        00000
__Hsfr24                  sfr24        00000
__Hsfr25                  sfr25        00000
__Hsfr26                  sfr26        00000
__Hsfr27                  sfr27        00000
__Hsfr28                  sfr28        00000
__Hsfr29                  sfr29        00000
__Hsfr3                   sfr3         00000
__Hsfr30                  sfr30        00000
__Hsfr31                  sfr31        00000
__Hsfr4                   sfr4         00000
__Hsfr5                   sfr5         00000
__Hsfr6                   sfr6         00000
__Hsfr7                   sfr7         00000
__Hsfr8                   sfr8         00000
__Hsfr9                   sfr9         00000
__Hspace_0                (abs)        01851
__Hspace_1                (abs)        00151
__Hspace_2                (abs)        00000
__Hspace_3                (abs)        00000
__Hspace_4                (abs)        10010
__Hstack                  stack        00000
__Hstrings                strings      00000
__Hstringtext1            stringtext1  00000
__Hstringtext10           stringtext10 00000
__Hstringtext11           stringtext11 00000
__Hstringtext12           stringtext12 00000
__Hstringtext13           stringtext13 00000
__Hstringtext14           stringtext14 00000
__Hstringtext15           stringtext15 00000
__Hstringtext16           stringtext16 00000
__Hstringtext17           stringtext17 00000
__Hstringtext18           stringtext18 00000
__Hstringtext2            stringtext2  00000
__Hstringtext3            stringtext3  00000
__Hstringtext4            stringtext4  00000
__Hstringtext5            stringtext5  00000
__Hstringtext6            stringtext6  00000
__Hstringtext7            stringtext7  00000
__Hstringtext8            stringtext8  00000
__Hstringtext9            stringtext9  00000
__Htext                   text         00000
__Labs1                   abs1         00000
__Lbank0                  bank0        00000
__Lbank1                  bank1        00000
__Lbank10                 bank10       00000
__Lbank11                 bank11       00000
__Lbank12                 bank12       00000
__Lbank13                 bank13       00000
__Lbank14                 bank14       00000
__Lbank15                 bank15       00000
__Lbank16                 bank16       00000
__Lbank17                 bank17       00000
__Lbank18                 bank18       00000
__Lbank19                 bank19       00000
__Lbank2                  bank2        00000
__Lbank20                 bank20       00000
__Lbank21                 bank21       00000
__Lbank22                 bank22       00000
__Lbank23                 bank23       00000
__Lbank24                 bank24       00000
__Lbank25                 bank25       00000
__Lbank26                 bank26       00000
__Lbank27                 bank27       00000
__Lbank28                 bank28       00000
__Lbank29                 bank29       00000
__Lbank3                  bank3        00000
__Lbank30                 bank30       00000
__Lbank31                 bank31       00000
__Lbank4                  bank4        00000
__Lbank5                  bank5        00000
__Lbank6                  bank6        00000
__Lbank7                  bank7        00000
__Lbank8                  bank8        00000
__Lbank9                  bank9        00000
__Lbigram                 bigram       00000
__LbssBANK1               bssBANK1     00000
__LbssBANK2               bssBANK2     00000
__LbssCOMMON              bssCOMMON    00000
__Lcinit                  cinit        0000F
__Lclrtext                clrtext      00000
__Lcode                   code         00000
__Lcommon                 common       00000
__Lconfig                 config       00000
__LcstackBANK0            cstackBANK0  00000
__LcstackBANK1            cstackBANK1  00000
__LcstackBANK2            cstackBANK2  00000
__LcstackCOMMON           cstackCOMMON 00000
__LdataBANK2              dataBANK2    00000
__Leeprom_data            eeprom_data  00000
__Lend_init               end_init     0000D
__Lfunctab                functab      00000
__Lheap                   heap         00000
__LidataBANK2             idataBANK2   00000
__Lidloc                  idloc        00000
__Linit                   init         0000D
__Lintentry               intentry     00004
__Lmaintext               maintext     00000
__Lpowerup                powerup      00000
__Lram                    ram          00000
__Lreset_vec              reset_vec    00000
__Lsfr0                   sfr0         00000
__Lsfr1                   sfr1         00000
__Lsfr10                  sfr10        00000
__Lsfr11                  sfr11        00000
__Lsfr12                  sfr12        00000
__Lsfr13                  sfr13        00000
__Lsfr14                  sfr14        00000
__Lsfr15                  sfr15        00000
__Lsfr16                  sfr16        00000
__Lsfr17                  sfr17        00000
__Lsfr18                  sfr18        00000
__Lsfr19                  sfr19        00000
__Lsfr2                   sfr2         00000
__Lsfr20                  sfr20        00000
__Lsfr21                  sfr21        00000
__Lsfr22                  sfr22        00000
__Lsfr23                  sfr23        00000
__Lsfr24                  sfr24        00000
__Lsfr25                  sfr25        00000
__Lsfr26                  sfr26        00000
__Lsfr27                  sfr27        00000
__Lsfr28                  sfr28        00000
__Lsfr29                  sfr29        00000
__Lsfr3                   sfr3         00000
__Lsfr30                  sfr30        00000
__Lsfr31                  sfr31        00000
__Lsfr4                   sfr4         00000
__Lsfr5                   sfr5         00000
__Lsfr6                   sfr6         00000
__Lsfr7                   sfr7         00000
__Lsfr8                   sfr8         00000
__Lsfr9                   sfr9         00000
__Lspace_0                (abs)        00000
__Lspace_1                (abs)        00000
__Lspace_2                (abs)        00000
__Lspace_3                (abs)        00000
__Lspace_4                (abs)        00000
__Lstack                  stack        00000
__Lstrings                strings      00000
__Lstringtext1            stringtext1  00000
__Lstringtext10           stringtext10 00000
__Lstringtext11           stringtext11 00000
__Lstringtext12           stringtext12 00000
__Lstringtext13           stringtext13 00000
__Lstringtext14           stringtext14 00000
__Lstringtext15           stringtext15 00000
__Lstringtext16           stringtext16 00000
__Lstringtext17           stringtext17 00000
__Lstringtext18           stringtext18 00000
__Lstringtext2            stringtext2  00000
__Lstringtext3            stringtext3  00000
__Lstringtext4            stringtext4  00000
__Lstringtext5            stringtext5  00000
__Lstringtext6            stringtext6  00000
__Lstringtext7            stringtext7  00000
__Lstringtext8            stringtext8  00000
__Lstringtext9            stringtext9  00000
__Ltext                   text         00000
__S0                      (abs)        01851
__S1                      (abs)        00151
__Umul8_16                text12       012F9
__Umul8_16@multiplicand   cstackBANK0  00020
__Umul8_16@multiplier     cstackBANK0  00028
__Umul8_16@product        cstackBANK0  00024
__Umul8_16@word_mpld      cstackBANK0  00026
___cosdf                  text10       01668
___cosdf$689              cstackBANK1  000A4
___cosdf$690              cstackBANK1  000A8
___cosdf$691              cstackBANK1  000AC
___cosdf@r                cstackBANK1  000A0
___cosdf@w                cstackBANK1  000B0
___cosdf@x                cstackBANK0  0005C
___cosdf@z                cstackBANK1  000B4
___fladd                  text13       00BBD
___fladd@a                cstackBANK0  0004C
___fladd@aexp             cstackBANK0  00059
___fladd@b                cstackBANK0  00048
___fladd@bexp             cstackBANK0  0005A
___fladd@grs              cstackBANK0  0005B
___fladd@signs            cstackBANK0  00058
___fldiv                  text14       0084F
___fldiv@a                cstackBANK0  00048
___fldiv@aexp             cstackBANK0  00061
___fldiv@b                cstackBANK0  0004C
___fldiv@bexp             cstackBANK0  00060
___fldiv@grs              cstackBANK0  0005C
___fldiv@new_exp          cstackBANK0  0005A
___fldiv@rem              cstackBANK0  00055
___fldiv@sign             cstackBANK0  00059
___flmul                  text11       00DC5
___flmul@a                cstackBANK0  00032
___flmul@aexp             cstackBANK0  0003C
___flmul@b                cstackBANK0  0002E
___flmul@bexp             cstackBANK0  00041
___flmul@grs              cstackBANK0  0003D
___flmul@prod             cstackBANK0  00042
___flmul@sign             cstackBANK0  0003B
___flmul@temp             cstackBANK0  00046
___flneg                  text9        01266
___flneg@f1               cstackBANK0  00060
___flsub                  text8        012D9
___flsub@a                cstackBANK0  0005C
___flsub@b                cstackBANK0  00060
___fltol                  text7        0138D
___fltol@exp1             cstackBANK0  0006B
___fltol@f1               cstackBANK0  00062
___fltol@sign1            cstackBANK0  0006A
___heap_hi                (abs)        00000
___heap_lo                (abs)        00000
___int_sp                 stack        00000
___latbits                (abs)        00002
___lwdiv                  text23       00812
___lwdiv@counter          cstackBANK0  00024
___lwdiv@dividend         cstackBANK0  00022
___lwdiv@divisor          cstackBANK0  00020
___lwdiv@quotient         cstackBANK0  00025
___rem_pio2f              text4        0048B
___rem_pio2f$692          cstackBANK1  000CB
___rem_pio2f@F532         bssBANK2     0014B
___rem_pio2f@fn           cstackBANK1  000CF
___rem_pio2f@ix           cstackBANK1  000C1
___rem_pio2f@n            cstackBANK1  000D7
___rem_pio2f@sign         cstackBANK1  000C5
___rem_pio2f@t            cstackBANK1  000D3
___rem_pio2f@ty           cstackBANK1  000BD
___rem_pio2f@u            cstackBANK1  000C7
___rem_pio2f@x            cstackBANK1  000B8
___rem_pio2f@y            cstackBANK1  000BC
___sindf                  text3        009F9
___sindf$693              cstackBANK1  000C0
___sindf$694              cstackBANK1  000C4
___sindf$695              cstackBANK1  000C8
___sindf@r                cstackBANK1  000B8
___sindf@s                cstackBANK1  000CC
___sindf@w                cstackBANK1  000BC
___sindf@x                cstackBANK0  00064
___sindf@z                cstackBANK1  000D0
___sp                     stack        00000
___stackhi                (abs)        00000
___stacklo                (abs)        00000
___xxtofl                 text6        01503
___xxtofl@arg             cstackBANK0  0002A
___xxtofl@exp             cstackBANK0  00029
___xxtofl@sign            cstackBANK0  00028
___xxtofl@val             cstackBANK0  00020
__end_of_C0               stringtext13 01845
__end_of_C1               stringtext12 01841
__end_of_C2               stringtext11 0183D
__end_of_C3               stringtext10 01839
__end_of_DAC_init         text25       01250
__end_of_DAC_valueset     text28       01249
__end_of_LCD_EN           text21       01266
__end_of_LCD_RS           text22       0125B
__end_of_LCD_STROBE       text20       00812
__end_of_S1               stringtext4  01821
__end_of_S2               stringtext3  0181D
__end_of_S3               stringtext2  01819
__end_of_S4               stringtext1  01815
__end_of_Timer_init       text24       0128B
__end_of__Umul8_16        text12       0131D
__end_of___cosdf          text10       01800
__end_of___fladd          text13       00DC5
__end_of___fldiv          text14       009F9
__end_of___flmul          text11       01000
__end_of___flneg          text9        01272
__end_of___flsub          text8        012F9
__end_of___fltol          text7        013FE
__end_of___lwdiv          text23       0084F
__end_of___rem_pio2f      text4        007C6
__end_of___sindf          text3        00BBD
__end_of___xxtofl         text6        015AE
__end_of__initialization  cinit        00031
__end_of_fabsf            text5        007EF
__end_of_half             stringtext8  01831
__end_of_invpio2          stringtext7  0182D
__end_of_isr              intentry     0000D
__end_of_lcd_data_byteset text19       0129E
__end_of_lcd_data_set     text18       012D9
__end_of_lcd_init         text17       01503
__end_of_lcd_putch        text16       007FF
__end_of_lcd_puts         text15       012BB
__end_of_main             maintext     0147D
__end_of_pio2_1           stringtext6  01829
__end_of_pio2_1t          stringtext5  01825
__end_of_s1pio2           stringtext17 01804
__end_of_s2pio2           stringtext16 01851
__end_of_s3pio2           stringtext15 0184D
__end_of_s4pio2           stringtext14 01849
__end_of_sine_table_gen   text1        01668
__end_of_sinf             text2        0048B
__end_of_toint            stringtext9  01835
__end_of_wave_out         text27       0138D
__initialization          cinit        0000F
__pbssBANK1               bssBANK1     000E9
__pbssBANK2               bssBANK2     00147
__pbssBIGRAM              (abs)        02328
__pbssCOMMON              bssCOMMON    00076
__pcstackBANK0            cstackBANK0  00020
__pcstackBANK1            cstackBANK1  000A0
__pcstackBANK2            cstackBANK2  00120
__pcstackCOMMON           cstackCOMMON 00070
__pdataBANK2              dataBANK2    0014F
__pidataBANK2             idataBANK2   00002
__pintentry               intentry     00004
__pmaintext               maintext     013FE
__pstringtext1            stringtext1  01811
__pstringtext10           stringtext10 01835
__pstringtext11           stringtext11 01839
__pstringtext12           stringtext12 0183D
__pstringtext13           stringtext13 01841
__pstringtext14           stringtext14 01845
__pstringtext15           stringtext15 01849
__pstringtext16           stringtext16 0184D
__pstringtext17           stringtext17 01800
__pstringtext18           stringtext18 00000
__pstringtext2            stringtext2  01815
__pstringtext3            stringtext3  01819
__pstringtext4            stringtext4  0181D
__pstringtext5            stringtext5  01821
__pstringtext6            stringtext6  01825
__pstringtext7            stringtext7  01829
__pstringtext8            stringtext8  0182D
__pstringtext9            stringtext9  01831
__ptext1                  text1        015AE
__ptext10                 text10       01668
__ptext11                 text11       00DC5
__ptext12                 text12       012F9
__ptext13                 text13       00BBD
__ptext14                 text14       0084F
__ptext15                 text15       0129E
__ptext16                 text16       007EF
__ptext17                 text17       0147D
__ptext18                 text18       012BB
__ptext19                 text19       0128B
__ptext2                  text2        00035
__ptext20                 text20       00800
__ptext21                 text21       0125B
__ptext22                 text22       01250
__ptext23                 text23       00812
__ptext24                 text24       0127E
__ptext25                 text25       01249
__ptext27                 text27       0131D
__ptext28                 text28       01242
__ptext3                  text3        009F9
__ptext4                  text4        0048B
__ptext5                  text5        007C6
__ptext6                  text6        01503
__ptext7                  text7        0138D
__ptext8                  text8        012D9
__ptext9                  text9        01266
_fabsf                    text5        007C6
_freq                     dataBANK2    0014F
_isr                      intentry     00004
_lcd_data_byteset         text19       0128B
_lcd_data_set             text18       012BB
_lcd_init                 text17       0147D
_lcd_putch                text16       007EF
_lcd_puts                 text15       0129E
_main                     maintext     013FE
_sine_table               (abs)        02328
_sine_table_gen           text1        015AE
_sine_table_gen$686       cstackBANK2  0013E
_sine_table_gen$687       cstackBANK2  00142
_sinf                     text2        00035
_sinf$485                 cstackBANK2  00128
_sinf$486                 cstackBANK2  0012C
_sinf$688                 cstackBANK2  00132
_step                     bssBANK1     000E9
_wave_out                 text27       0131D
_wavetype                 bssCOMMON    00078
btemp                     (abs)        0007E
clear_ram0                clrtext      01272
end_of_initialization     cinit        00031
fabsf@F465                bssBANK2     00147
fabsf@u                   cstackBANK0  00024
fabsf@x                   cstackBANK0  00020
int$flags                 (abs)        0007E
intlevel0                 functab      00000
intlevel1                 functab      00000
intlevel2                 functab      00000
intlevel3                 functab      00000
intlevel4                 functab      00000
intlevel5                 functab      00000
lcd_data_byteset@c        cstackBANK0  00023
lcd_data_set@c            cstackBANK0  00023
lcd_putch@c               cstackBANK0  00024
lcd_puts@s                cstackBANK0  00025
reset_vec                 reset_vec    00000
sine_table_gen@i          cstackBANK2  00146
sinf@__xc8_float_word     cstackBANK2  00124
sinf@ix                   cstackBANK2  0013A
sinf@n                    cstackBANK2  00120
sinf@sign                 cstackBANK2  00130
sinf@x                    cstackBANK1  000DB
sinf@y                    cstackBANK2  00136
start                     init         0000D
start_initialization      cinit        0000F
wave_out@i                bssCOMMON    00077
wave_out@stage            bssCOMMON    00076
wtemp0                    (abs)        0007E


MODULE INFORMATION

Module		Function		Class		Link	Load	Size
C:\Program Files\Microchip\xc8\v2.40\pic\sources\c99\common\sprcmul.c
		___flmul       		CODE           	0DC5	0000	571

C:\Program Files\Microchip\xc8\v2.40\pic\sources\c99\common\sprcmul.c estimated size: 571

C:\Program Files\Microchip\xc8\v2.40\pic\sources\c99\common\__sindf.c
		___sindf       		CODE           	09F9	0000	452

C:\Program Files\Microchip\xc8\v2.40\pic\sources\c99\common\__sindf.c estimated size: 452

C:\Program Files\Microchip\xc8\v2.40\pic\sources\c99\common\sprcdiv.c
		___fldiv       		CODE           	084F	0000	426

C:\Program Files\Microchip\xc8\v2.40\pic\sources\c99\common\sprcdiv.c estimated size: 426

C:\Program Files\Microchip\xc8\v2.40\pic\sources\c99\common\lwdiv.c
		___lwdiv       		CODE           	0812	0000	61

C:\Program Files\Microchip\xc8\v2.40\pic\sources\c99\common\lwdiv.c estimated size: 61

myLCD_SC1602.c
		_LCD_STROBE    		CODE           	0800	0000	18
		_LCD_RS        		CODE           	1250	0000	11
		_LCD_EN        		CODE           	125B	0000	11
		_lcd_puts      		CODE           	129E	0000	29
		_lcd_putch     		CODE           	07EF	0000	16
		_lcd_data_set  		CODE           	12BB	0000	30
		_lcd_data_byteset		CODE           	128B	0000	19
		_lcd_init      		CODE           	147D	0000	134

myLCD_SC1602.c estimated size: 268

C:\Program Files\Microchip\xc8\v2.40\pic\sources\c99\common\fltol.c
		___fltol       		CODE           	138D	0000	113

C:\Program Files\Microchip\xc8\v2.40\pic\sources\c99\common\fltol.c estimated size: 113

C:\Program Files\Microchip\xc8\v2.40\pic\sources\c99\common\sprcadd.c
		___flsub       		CODE           	12D9	0000	32
		___fladd       		CODE           	0BBD	0000	520

C:\Program Files\Microchip\xc8\v2.40\pic\sources\c99\common\sprcadd.c estimated size: 552

C:\Program Files\Microchip\xc8\v2.40\pic\sources\c99\common\__rem_pio2f.c
		___rem_pio2f   		CODE           	048B	0000	827

C:\Program Files\Microchip\xc8\v2.40\pic\sources\c99\common\__rem_pio2f.c estimated size: 827

C:\Program Files\Microchip\xc8\v2.40\pic\sources\c99\common\flneg.c
		___flneg       		CODE           	1266	0000	12

C:\Program Files\Microchip\xc8\v2.40\pic\sources\c99\common\flneg.c estimated size: 12

C:\Program Files\Microchip\xc8\v2.40\pic\sources\c99\common\fabsf.c
		_fabsf         		CODE           	07C6	0000	41

C:\Program Files\Microchip\xc8\v2.40\pic\sources\c99\common\fabsf.c estimated size: 41

C:\Program Files\Microchip\xc8\v2.40\pic\sources\c99\common\sinf.c
		_sinf          		CODE           	0035	0000	1110

C:\Program Files\Microchip\xc8\v2.40\pic\sources\c99\common\sinf.c estimated size: 1110

C:\Program Files\Microchip\xc8\v2.40\pic\sources\c99\common\xxtofl.c
		___xxtofl      		CODE           	1503	0000	171

C:\Program Files\Microchip\xc8\v2.40\pic\sources\c99\common\xxtofl.c estimated size: 171

shared
		_S1            		STRCODE        	0000	0000	0
		_S2            		STRCODE        	0000	0000	0
		_S3            		STRCODE        	0000	0000	0
		_S4            		STRCODE        	0000	0000	0
		_s1pio2        		STRCODE        	0000	0000	0
		__initialization		CODE           	000F	0000	34
		_s2pio2        		STRCODE        	0000	0000	0
		_s3pio2        		STRCODE        	0000	0000	0
		_s4pio2        		STRCODE        	0000	0000	0
		_pio2_1t       		STRCODE        	0000	0000	0
		_toint         		STRCODE        	0000	0000	0
		_half          		STRCODE        	0000	0000	0
		_pio2_1        		STRCODE        	0000	0000	0
		_C0            		STRCODE        	0000	0000	0
		_C1            		STRCODE        	0000	0000	0
		_C2            		STRCODE        	0000	0000	0
		_C3            		STRCODE        	0000	0000	0
		_invpio2       		STRCODE        	0000	0000	0

shared estimated size: 34

C:\Program Files\Microchip\xc8\v2.40\pic\sources\c99\common\Umul8_16.c
		__Umul8_16     		CODE           	12F9	0000	36

C:\Program Files\Microchip\xc8\v2.40\pic\sources\c99\common\Umul8_16.c estimated size: 36

main.c
		_Timer_init    		CODE           	127E	0000	13
		_wave_out      		CODE           	131D	0000	112
		_sine_table_gen		CODE           	15AE	0000	186
		_DAC_valueset  		CODE           	1242	0000	7
		_main          		CODE           	13FE	0000	127
		_DAC_init      		CODE           	1249	0000	7
		_isr           		CODE           	0004	0000	9

main.c estimated size: 461

C:\Program Files\Microchip\xc8\v2.40\pic\sources\c99\common\__cosdf.c
		___cosdf       		CODE           	1668	0000	408

C:\Program Files\Microchip\xc8\v2.40\pic\sources\c99\common\__cosdf.c estimated size: 408

